[2m11:36:40 am[22m [31m[1m[vite][22m[39m [31mInternal server error: [postcss] C:/Users/adity/Downloads/portfolio/src/styles.css:55:5: The `text-white/72` class does not exist. If `text-white/72` is a custom class, make sure it is defined within a `@layer` directive.[39m
  Plugin: [35mvite:css[39m
  File: [36mC:/Users/adity/Downloads/portfolio/src/styles.css[39m:55:4
[33m  53 |  
  54 |    .icon-button {
  55 |      @apply inline-flex h-10 w-10 shrink-0 items-center justify-center rounded-lg border border-white/10 bg-white/[0.0...
     |      ^
  56 |    }
  57 |  [39m
      at Input.error (C:\Users\adity\Downloads\portfolio\node_modules\postcss\lib\input.js:135:16)
      at AtRule.error (C:\Users\adity\Downloads\portfolio\node_modules\postcss\lib\node.js:146:32)
      at processApply (C:\Users\adity\Downloads\portfolio\node_modules\tailwindcss\lib\lib\expandApplyAtRules.js:380:29)
      at C:\Users\adity\Downloads\portfolio\node_modules\tailwindcss\lib\lib\expandApplyAtRules.js:551:9
      at C:\Users\adity\Downloads\portfolio\node_modules\tailwindcss\lib\processTailwindFeatures.js:55:50
      at async plugins (C:\Users\adity\Downloads\portfolio\node_modules\tailwindcss\lib\plugin.js:38:17)
      at async LazyResult.runAsync (C:\Users\adity\Downloads\portfolio\node_modules\postcss\lib\lazy-result.js:293:11)
      at async runPostCSS (file:///C:/Users/adity/Downloads/portfolio/node_modules/vite/dist/node/chunks/config.js:30165:19)
      at async compilePostCSS (file:///C:/Users/adity/Downloads/portfolio/node_modules/vite/dist/node/chunks/config.js:30149:6)
      at async compileCSS (file:///C:/Users/adity/Downloads/portfolio/node_modules/vite/dist/node/chunks/config.js:30079:26)
      at async TransformPluginContext.handler (file:///C:/Users/adity/Downloads/portfolio/node_modules/vite/dist/node/chunks/config.js:29612:54)
      at async EnvironmentPluginContainer.transform (file:///C:/Users/adity/Downloads/portfolio/node_modules/vite/dist/node/chunks/config.js:28817:14)
      at async loadAndTransform (file:///C:/Users/adity/Downloads/portfolio/node_modules/vite/dist/node/chunks/config.js:22686:26)
      at async viteTransformMiddleware (file:///C:/Users/adity/Downloads/portfolio/node_modules/vite/dist/node/chunks/config.js:24562:20)
